0 ffffff90 acos
0 ffffff91 testPrintFloat
0 ffffff92 testPrintInt
0 ffffff93 ceil
0 ffffff94 floor
0 ffffff95 sqrt
0 ffffff96 atan2
0 ffffff97 cos
0 ffffff98 sin
0 ffffff99 strncpy
0 ffffff9a memcpy
0 ffffff9b memset
0 ffffffa1 trap_R_AddPolyBufferToScene
0 ffffffa2 trap_getCameraInfo
0 ffffffa3 trap_stopCamera
0 ffffffa4 trap_startCamera
0 ffffffa5 trap_loadCamera
0 ffffffa6 trap_FS_Seek
0 ffffffa7 trap_R_inPVS
0 ffffffa8 trap_R_AddPolysToScene
0 ffffffa9 trap_GetEntityToken
0 ffffffaa trap_R_AddAdditiveLightToScene
0 ffffffab trap_CM_TransformedCapsuleTrace
0 ffffffac trap_CM_CapsuleTrace
0 ffffffad trap_CM_TempCapsuleModel
0 ffffffae trap_S_StopLoopingSound
0 ffffffaf trap_S_AddRealLoopingSound
0 ffffffb0 trap_R_RemapShader
0 ffffffb1 trap_CIN_SetExtents
0 ffffffb2 trap_CIN_DrawCinematic
0 ffffffb3 trap_CIN_RunCinematic
0 ffffffb4 trap_CIN_StopCinematic
0 ffffffb5 trap_CIN_PlayCinematic
0 ffffffb6 trap_R_LightForPoint
0 ffffffb7 trap_RemoveCommand
0 ffffffb8 trap_SnapVector
0 ffffffb9 trap_RealTime
0 ffffffba trap_S_StopBackgroundTrack
0 ffffffbb trap_PC_SourceFileAndLine
0 ffffffbc trap_PC_ReadToken
0 ffffffbd trap_PC_FreeSource
0 ffffffbe trap_PC_LoadSource
0 ffffffbf trap_PC_AddGlobalDefine
0 ffffffc0 trap_Key_GetKey
0 ffffffc1 trap_Key_SetCatcher
0 ffffffc2 trap_Key_GetCatcher
0 ffffffc3 trap_Key_IsDown
0 ffffffc4 trap_R_RegisterFont
0 ffffffc5 trap_MemoryRemaining
0 ffffffc6 trap_R_RegisterShaderNoMip
0 ffffffc7 trap_SetUserCmdValue
0 ffffffc8 trap_GetUserCmd
0 ffffffc9 trap_GetCurrentCmdNumber
0 ffffffca trap_GetServerCommand
0 ffffffcb trap_GetSnapshot
0 ffffffcc trap_GetCurrentSnapshotNumber
0 ffffffcd trap_GetGameState
0 ffffffce trap_GetGlconfig
0 ffffffcf trap_R_LerpTag
0 ffffffd0 trap_R_ModelBounds
0 ffffffd1 trap_R_DrawStretchPic
0 ffffffd2 trap_R_SetColor
0 ffffffd3 trap_R_RenderScene
0 ffffffd4 trap_R_AddLightToScene
0 ffffffd5 trap_R_AddPolyToScene
0 ffffffd6 trap_R_AddRefEntityToScene
0 ffffffd7 trap_R_ClearScene
0 ffffffd8 trap_R_RegisterShader
0 ffffffd9 trap_R_RegisterSkin
0 ffffffda trap_R_RegisterModel
0 ffffffdb trap_R_LoadWorldMap
0 ffffffdc trap_S_StartBackgroundTrack
0 ffffffdd trap_S_RegisterSound
0 ffffffde trap_S_Respatialize
0 ffffffdf trap_S_UpdateEntityPosition
0 ffffffe0 trap_S_AddLoopingSound
0 ffffffe1 trap_S_ClearLoopingSounds
0 ffffffe2 trap_S_StartLocalSound
0 ffffffe3 trap_S_StartSound
0 ffffffe4 trap_CM_MarkFragments
0 ffffffe5 trap_CM_TransformedBoxTrace
0 ffffffe6 trap_CM_BoxTrace
0 ffffffe7 trap_CM_TransformedPointContents
0 ffffffe8 trap_CM_PointContents
0 ffffffe9 trap_CM_TempBoxModel
0 ffffffea trap_CM_LoadModel
0 ffffffeb trap_CM_InlineModel
0 ffffffec trap_CM_NumInlineModels
0 ffffffed trap_CM_LoadMap
0 ffffffee trap_UpdateScreen
0 ffffffef trap_SendClientCommand
0 fffffff0 trap_AddCommand
0 fffffff1 trap_SendConsoleCommand
0 fffffff2 trap_FS_FCloseFile
0 fffffff3 trap_FS_Write
0 fffffff4 trap_FS_Read
0 fffffff5 trap_FS_FOpenFile
0 fffffff6 trap_Args
0 fffffff7 trap_Argv
0 fffffff8 trap_Argc
0 fffffff9 trap_Cvar_VariableStringBuffer
0 fffffffa trap_Cvar_Set
0 fffffffb trap_Cvar_Update
0 fffffffc trap_Cvar_Register
0 fffffffd trap_Milliseconds
0 fffffffe trap_Error
0 ffffffff trap_Print
0        0 vmMain
0       8b CG_RegisterCvars
0       fa CG_ForceModelChange
0      125 contains
0      155 UpdateWeaponOrder
0      29b CG_UpdateCvars
0      397 CG_CrosshairPlayer
0      3a8 CG_LastAttacker
0      3b9 CG_Printf
0      3d2 CG_Error
0      3eb Com_Error
0      404 Com_Printf
0      41d Com_DPrintf
0      43a CG_Argv
0      45f CG_RegisterItemSounds^0
0      4fc CG_RegisterSounds^0
0      9ff CG_Register2D^0
0      a9e CG_MenuCache^0
0      b55 CG_IconCache^0
0      c3a CG_PowerupCache^0
0      d56 CG_TeamCache^0
0      db9 CG_WeaphitsCache^0
0      e40 CG_GibsCache^0
0      ec5 CG_WeapMisc^0
0      ff4 CG_ItemCache^0
0     1032 CG_ModelCache^0
0     10a9 CG_PlayerCache^0
0     1156 CG_RegisterGraphics^0
0     11b0 CG_BuildSpectatorString
0     1202 CG_RegisterClients^0
0     1249 CG_ConfigString
0     126e CG_StartMusic
0     12a2 CG_InitGLConfig^0
0     1324 CG_Init
0     152a CG_Shutdown
0     152d CG_EventHandling
0     1530 CG_SetScoreCatcher
0     15c2 CG_KeyEvent
0     15e2 CG_MouseEvent
0     162d BG_FindItemForRune
0     1666 BG_FindItemForPowerup
0     16ad BG_FindItemForHoldable
0     16e9 BG_FindItemForHealth
0     1720 BG_FindItemForAmmo
0     1757 BG_FindItemForWeapon
0     178e BG_FindItem
0     17bd BG_PlayerTouchesItem
0     1817 BG_CanItemBeGrabbed
0     1961 BG_EvaluateTrajectory
0     1b9b BG_EvaluateTrajectoryDelta
0     1cf3 BG_AddPredictableEventToPlayerstate
0     1d36 BG_TouchJumpPad
0     1da3 BG_PlayerStateToEntityState
0     1f88 BG_PlayerStateToEntityStateExtraPolate
0     217a replace_s
0     22fe replace1
0     2338 strtok
0     23e6 BG_StripColor
0     243f EncodedString
0     24ec hex2dec^1
0     2572 DecodedString
0     265e BG_stricmp
0     26a9 Q_stristr
0     270a BG_CleanName
0     2815 Q_strcpy
0     2845 Q_stradd
0     2878 Q_strlen
0     2897 BigEndian
0     28ac AddInt^1
0     2987 AddFloat^1
0     2a9c AddString^1
0     2b2e ED_vsprintf
0     2d1e BG_sprintf
0     2d3b _atoi^1
0     2dab _atof^1
0     2e63 _atos^1
0     2ee9 Q_sscanf
0     3028 PM_AddEvent
0     3039 PM_AddTouchEnt
0     3092 PM_StartTorsoAnim^2
0     30b5 PM_StartLegsAnim^2
0     30e2 PM_ContinueLegsAnim^2
0     3102 PM_ContinueTorsoAnim^2
0     3122 PM_ForceLegsAnim^2
0     3132 PM_ClipVelocity
0     31a3 PM_Friction^2
0     32c8 PM_Accelerate^2
0     3342 PM_CmdScale^2
0     33e6 PM_SetMovementDir^2
0     3505 PM_CheckJump^2
0     3594 PM_CheckWaterJump^2
0     3678 PM_WaterJumpMove^2
0     36b9 PM_WaterMove^2
0     37f2 PM_FlyMove^2
0     387d PM_AirMove^2
0     3926 PM_GrappleMove^2
0     39d4 PM_WalkMove^2
0     3be8 PM_DeadMove^2
0     3c5f PM_NoclipMove^2
0     3db7 PM_FootstepForSurface^2
0     3dd0 PM_CrashLand^2
0     3ed1 PM_CorrectAllSolid^2
0     3fc0 PM_GroundTraceMissed^2
0     4059 PM_GroundTrace^2
0     41ce PM_SetWaterLevel^2
0     42a3 PM_CheckDuck^2
0     43f1 PM_Footsteps^2
0     453d PM_WaterEvents^2
0     4580 PM_BeginWeaponChange^2
0     45d9 PM_FinishWeaponChange^2
0     4639 PM_TorsoAnimation^2
0     4658 PM_Weapon^2
0     498d PM_Animate^2
0     49b2 PM_DropTimers^2
0     4a3c PM_UpdateViewAngles
0     4aea PM_LadderMove^2
0     4c16 CheckLadder^2
0     4c89 PmoveSingle^2
0     4fc5 Pmove
0     5087 PM_SlideMove
0     5473 PM_StepSlideMove
0     55ff CG_GenerateTracemap
0     5f9f BG_LoadTraceMap
0     6389 BG_ClampPointToTracemapExtends^4
0     63dc BG_GetSkyHeightAtPoint
0     6419 BG_GetSkyGroundHeightAtPoint
0     6456 BG_GetGroundHeightAtPoint
0     6493 BG_GetTracemapGroundFloor
0     64a1 BG_GetTracemapGroundCeil
0     64af etpro_FinalizeTracemapClamp
0     64da CG_AddPolyToPool^5
0     65e3 CG_AtmosphericKludge
0     6656 CG_SetParticleActive^5
0     666f CG_RainParticleGenerate^5
0     67dd CG_RainParticleCheckVisible^5
0     6888 CG_RainParticleRender^5
0     6bdc CG_SnowParticleGenerate^5
0     6cf0 CG_SnowParticleCheckVisible^5
0     6d95 CG_SnowParticleRender^5
0     6fea CG_EffectGust^5
0     7070 CG_EffectGustCurrent^5
0     716c CG_EP_ParseFloats^5
0     71d1 CG_EP_ParseInts^5
0     723d CG_EffectParse
0     751d CG_AddAtmosphericEffects
0     75d9 CG_TargetCommand_f^6
0     760b CG_SizeUp_f^6
0     7621 CG_SizeDown_f^6
0     7637 CG_Viewpos_f^6
0     764f CG_ScoresDown_f^6
0     767b CG_ScoresUp_f^6
0     7698 CG_RunesDown_f^6
0     769e CG_RunesUp_f^6
0     76b5 CG_TellTarget_f^6
0     76e0 CG_TellAttacker_f^6
0     770b CG_StartOrbit_f^6
0     7753 CG_StartCamera
0     7799 CG_Camera_f^6
0     77ac CG_ConsoleCommand
0     77ea CG_InitConsoleCommands
0     789d CG_DrawField^7
0     79d3 CG_Draw3DModel
0     7a47 CG_Draw3DModelColor
0     7b32 CG_DrawHead
0     7c0a CG_DrawFlagModel
0     7cf0 CG_DrawStatusBarHead^7
0     7e48 CG_DrawStatusBarFlag^7
0     7e61 CG_DrawTeamBackground
0     7ea4 CG_DrawStatusBar^7
0     80b7 CG_DrawAttacker^7
0     816d CG_DrawSpeedMeter^7
0     81c4 CG_DrawSnapshot^7
0     81fe CG_DrawFPS^7
0     828b CG_DrawTimer^7
0     82db CG_DrawTeamOverlay^7
0     85f4 CG_DrawUpperRight^7
0     8669 CG_DrawScores^7
0     89dd CG_DrawPowerups^7
0     8c95 CG_DrawLowerRight^7
0     8ccd CG_DrawPickupItem^7
0     8d74 CG_DrawLowerLeft^7
0     8da3 CG_DrawTeamInfo^7
0     8ecd CG_DrawHoldableItem^7
0     8ef9 CG_DrawReward^7
0     8ff7 CG_AddLagometerFrameInfo
0     9017 CG_AddLagometerSnapshotInfo
0     905e CG_DrawDisconnect^7
0     90d2 CG_DrawLagometer^7
0     92fd CG_CenterPrint
0     933b CG_DrawCenterString^7
0     93f5 CG_DrawCrosshair^7
0     94c3 CG_ScanForCrosshairEntity^7
0     952b CG_DrawCrosshairNames^7
0     958b CG_DrawSpectator^7
0     95e0 CG_DrawVote^7
0     9636 CG_DrawTeamVote^7
0     96c9 hud_runes
0     98ea CG_DrawRunesboard^7
0     99ae CG_DrawScoreboard^7
0     99b8 CG_DrawIntermission^7
0     99d0 CG_DrawFollow^7
0     9a1a CG_DrawAmmoWarning^7
0     9a49 CG_DrawWarmup^7
0     9bab CG_Draw2D^7
0     9c87 CG_DrawTourneyScoreboard^7
0     9c8d CG_CalculatePing^7
0     9cd4 CG_WarmupEvents^7
0     9d61 CG_WarmupEvent
0     9d8c CG_ApplyClientChange^7
0     9d95 CG_TrackClientTeamChange
0     9e48 CG_DrawActive
0     9e8b CG_Fade
0     9ea9 CG_DrawFlashFade
0     9f3c CG_AdjustFrom640
0     9f79 CG_FillRect
0     9fac CG_FillScreen
0     9fd4 CG_DrawSides
0     a027 CG_DrawTopBottom
0     a07a CG_DrawRect
0     a0ac CG_DrawPic
0     a0d4 CG_DrawChar^8
0     a147 CG_DrawStringExt
0     a27f DrawStringLen^8
0     a2c6 CG_DrawString
0     a326 CG_DrawStrlen
0     a369 CG_TileClearBox^8
0     a3c6 CG_TileClear
0     a453 CG_FadeColor
0     a495 CG_FadeColorTime
0     a4da CG_TeamColor
0     a4fd CG_GetColorForHealth
0     a592 CG_ColorForHealth
0     a5a7 CG_DrawBannerString2^8
0     a674 CG_DrawBannerString
0     a71d CG_ProportionalStringWidth
0     a760 CG_DrawProportionalString2^8
0     a836 CG_ProportionalSizeScale
0     a845 CG_DrawProportionalString
0     a9aa CG_BlackBars
0     a9ca CG_BubbleTrail
0     ab63 CG_SmokePuff
0     acfc CG_SpawnEffect
0     ada1 CG_Lightning_Discharge
0     adef CG_DamagePlum
0     aeb5 CG_ScorePlum
0     af75 CG_MakeExplosion
0     b08b CG_Bleed
0     b0f3 CG_LaunchGib^9
0     b170 CG_GibPlayer
0     b43c CG_GibPlayerHeadshot
0     b4a4 CG_LaunchExplode
0     b521 CG_BigExplode
0     b67d CG_PositionEntityOnTag
0     b731 CG_PositionRotatedEntityOnTag
0     b7e7 CG_SetEntitySoundPosition
0     b840 CG_EntityEffects^10
0     b8df CG_General^10
0     b942 CG_Speaker^10
0     b99c CG_ItemTimer
0     bb1c CG_Item^10
0     bf3b CG_Missile^10
0     c093 CG_Grapple^10
0     c106 CG_Mover^10
0     c17a CG_Beam
0     c1a6 CG_PersonalPortal^10
0     c36f CG_DrawPortals
0     c3b2 CG_Portal^10
0     c41f CG_AdjustPositionForMover
0     c509 CG_InterpolateEntityPosition^10
0     c5cd CG_CalcEntityLerpPositions^10
0     c664 CG_TeamBase^10
0     c6b0 CG_LaserSight^10
0     c6f4 CG_AddCEntity^10
0     c7a2 CG_AddPacketEntities
0     c84b CG_PlaceString
0     c8f9 CG_Obituary^11
0     cc7e CG_UseItem^11
0     cd10 RateWeapon
0     cd31 CG_ItemPickup^11
0     cda2 CG_WaterLevel
0     ce46 CG_PainEvent
0     cf03 CG_EntityEvent
0     da91 CG_CheckEvents
0     db15 CG_DrawLoadingIcons^12
0     db88 CG_LoadingString
0     dbc7 CG_LoadingItem
0     dc04 CG_LoadingClient
0     dcfd CG_DrawInformation
0     dfd0 CG_InitLocalEntities
0     e004 CG_FreeLocalEntity
0     e034 CG_AllocLocalEntity
0     e076 CG_BloodTrail
0     e0e3 CG_FragmentBounceMark
0     e174 CG_FragmentBounceSound
0     e1c8 CG_ReflectVelocity
0     e2b2 CG_AddFragment^13
0     e3b5 CG_AddFadeRGB^13
0     e4cd CG_AddMoveScaleFade^13
0     e5bb CG_EmitPolyVerts^13
0     e7d8 CG_AddScaleFade^13
0     e877 CG_AddFallScaleFade^13
0     e92b CG_AddExplosion^13
0     e9a4 CG_AddSpriteExplosion^13
0     ea70 CG_AddRefEntity^13
0     ea8b CG_AddScorePlum
0     ecb1 ChooseDamageColor^13
0     ed76 CG_AddDamagePlum
0     ef39 CG_AddLocalEntities
0     efd1 CG_InitMarkPolys
0     f005 CG_FreeMarkPoly
0     f035 CG_AllocMark
0     f090 CG_ImpactMark
0     f377 CG_AddMarks
0     f57b CG_ClearParticles
0     f616 CG_AddParticleToScene
0    10d4c CG_AddParticles
0    10f44 CG_ParticleSnowFlurry
0    110af CG_ParticleSnow
0    111ff CG_ParticleBubble
0    11372 CG_ParticleSmoke
0    11475 CG_ParticleBulletDebris
0    1153c CG_ParticleExplosion
0    11646 CG_AddParticleShrapnel
0    11649 CG_NewParticleArea
0    1178a CG_SnowLink
0    117cf CG_ParticleImpactSmokePuff
0    118b1 CG_Particle_Bleed
0    11990 CG_Particle_OilParticle
0    11a95 CG_Particle_OilSlick
0    11bcb CG_OilSlickRemove
0    11c15 ValidBloodPool
0    11d07 CG_BloodPool
0    11dfb CG_ParticleBloodCloud
0    11f32 CG_ParticleSparks
0    120a4 CG_ParticleDust
0    12292 CG_ParticleMisc
0    12337 CG_CustomSound
0    123ab CG_ParseAnimationFile^15
0    12809 CG_FileExists^15
0    1282f CG_FindClientModelFile^15
0    129b5 CG_FindClientHeadFile^15
0    12b55 CG_RegisterClientSkin^15
0    12c20 CG_RegisterClientModelname^15
0    12e8d CG_IsKnownModel^15
0    12fc5 CG_ColorFromChar^15
0    13023 CG_SetColorInfo^15
0    130dd CG_GetTeamColors^15
0    1311d CG_LoadClientInfo
0    132e3 CG_CopyClientInfoModel^15
0    13383 CG_ScanForExistingClientInfo^15
0    1341e CG_SetDeferredClientInfo^15
0    13529 CG_SetSkinAndModel^15
0    13917 CG_NewClientInfo
0    13bdb CG_LoadDeferredPlayers
0    13c1e CG_SetLerpFrameAnimation^15
0    13c74 CG_RunLerpFrame^15
0    13e2a CG_ClearLerpFrame^15
0    13e63 CG_PlayerAnimation^15
0    13f26 CG_SwingAngles^15
0    14027 CG_AddPainTwitch^15
0    1406e CG_PlayerAngles^15
0    14247 CG_HasteTrail^15
0    142bc CG_TrailItem^15
0    1431f CG_PlayerFlag^15
0    144be CG_PlayerPowerups^15
0    14602 CG_PlayerFloatSprite^15
0    1464e CG_PlayerSprites^15
0    14723 CG_PlayerShadow^15
0    147af CG_PlayerSplash^15
0    1489d CG_AddRefEntityWithPowerups
0    14999 CG_LightVerts
0    14ad1 CG_Player
0    14de3 CG_ResetPlayerEntity
0    14ec5 CG_CheckAmmo
0    14f44 CG_DamageFeedback
0    150bb CG_Respawn
0    150d5 CG_CheckPlayerstateEvents^16
0    151d1 pushReward^16
0    151fe CG_CheckLocalSounds
0    1550b CG_TransitionPlayerState
0    155c5 CG_PB_FindFreePolyBuffer
0    15670 CG_PB_ClearPolyBuffers
0    1567c CG_PB_RenderPolyBuffers
0    1569f CG_BuildSolidList
0    1572b CG_ClipMoveToEntities^18
0    15838 CG_Trace
0    15878 CG_PointContents
0    158f0 CG_InterpolatePlayerState^18
0    15a16 CG_StoreEvent
0    15a59 CG_PlayDroppedEvents
0    15aee CG_AddArmor^18
0    15b0a CG_AddAmmo^18
0    15b4d CG_AddWeapon^18
0    15b8a CG_CheckArmor^18
0    15bc0 CG_AddFallDamage
0    15c21 CG_PickupPrediction^18
0    15db3 CG_TouchItem^18
0    15f00 CG_TouchTriggerPrediction^18
0    15fd9 CG_CheckTimers^18
0    160d3 CG_IsUnacceptableError^18
0    166e3 CG_PredictPlayerState
0    16a8c CG_DrawClientScore^19
0    16dfc CG_ScoreboardClick
0    16e7c CG_TeamScoreboard^19
0    16f0a CG_DrawOldScoreboard
0    1726f CG_DrawOldTourneyScoreboard
0    173de CG_ParseScores^20
0    175e9 CG_ParseTeamInfo^20
0    176a5 CG_ParseServerinfo
0    17798 CG_ParseSysteminfo
0    17809 CG_ParseWarmup^20
0    17893 CG_SetConfigValues
0    178ec CG_ShaderStateChanged
0    17998 CG_ConfigStringModified^20
0    17b63 CG_AddToTeamChat^20
0    17cc6 CG_MapRestart^20
0    17d13 CG_RemoveChatEscapeChar^20
0    17d55 CG_ServerCommand^20
0    17f7e CG_ExecuteNewServerCommands
0    17fa9 CG_ResetEntity^21
0    17fe9 CG_TransitionEntity^21
0    18016 CG_SetInitialSnapshot
0    1808e CG_TransitionSnapshot^21
0    18178 CG_SetNextSnap^21
0    18283 CG_ReadNextSnapshot^21
0    182f1 CG_ProcessSnapshots
0    183a3 CG_TestModel_f
0    18430 CG_TestGun_f
0    1843c CG_TestModelNextFrame_f
0    18452 CG_TestModelPrevFrame_f
0    1846f CG_TestModelNextSkin_f
0    18485 CG_TestModelPrevSkin_f
0    184a2 CG_AddTestModel^22
0    18527 CG_CalcVrect^22
0    18594 CG_OffsetThirdPersonView^22
0    186ff CG_StepOffset^22
0    18721 CG_OffsetFirstPersonView^22
0    18946 CG_ZoomDown_f
0    1896a CG_ZoomUp_f
0    18977 CG_CalcFov^22
0    18ac7 CG_DamageBlendBlob^22
0    18ba5 CG_CalcViewValues^22
0    18d09 CG_PowerupTimerSounds^22
0    18d5b CG_AddBufferedSound
0    18d9b CG_PlayBufferedSounds^22
0    18ddd CG_FirstFrame^22
0    18e32 CG_DrawActiveFrame
0    18f98 CG_SetupFrustum
0    190de CG_CullPoint
0    19127 CG_CullPointAndRadius
0    19176 CG_MachineGunEjectBrass
0    19369 CG_ShotgunEjectBrass
0    1958a CG_RailTrail
0    19912 CG_RocketTrail
0    199f9 CG_PlasmaTrail
0    19cb5 CG_GrappleTrail
0    19d4a CG_GrenadeTrail
0    19d56 CG_RegisterWeapon
0    1a2c9 CG_RegisterItemVisuals
0    1a439 CG_MapTorsoToWeaponFrame^23
0    1a4a3 CG_CalculateWeaponPosition^23
0    1a586 CG_LightningBolt^23
0    1a761 CG_SpawnRailTrail^23
0    1a799 CG_MachinegunSpinAngle^23
0    1a82b CG_AddWeaponWithPowerups^23
0    1a8f2 CG_AddPlayerWeapon
0    1ada7 CG_CenterGun
0    1ade3 CG_AddViewWeapon
0    1afd8 hud_weapons
0    1b0f6 CG_DrawWeaponSelect
0    1b301 CG_WeaponSelectable^23
0    1b326 NextWeapon
0    1b362 PrevWeapon
0    1b3ab CG_NextWeapon_f
0    1b416 CG_PrevWeapon_f
0    1b481 CG_Weapon_f
0    1b527 CG_OutOfAmmoChange
0    1b563 CG_FireWeapon
0    1b639 CG_MissileHitWall
0    1b91b CG_MissileHitPlayer
0    1b94b CG_ShotgunPellet^23
0    1ba22 CG_ShotgunPattern^23
0    1bad3 CG_ShotgunFire
0    1bb8e CG_Tracer
0    1bd99 CG_CalcMuzzlePoint^23
0    1be7f CG_Bullet
0    1bf44 Q_rand
0    1bf59 Q_random
0    1bf6b Q_crandom
0    1bf7c VectorCompare
0    1bfaa VectorLength
0    1bfdb VectorLengthSquared
0    1c005 Distance
0    1c03c DistanceSquared
0    1c080 VectorNormalizeFast
0    1c0d9 VectorInverse
0    1c0fd CrossProduct
0    1c156 ClampChar
0    1c171 ClampShort
0    1c18c DirToByte
0    1c1e7 ByteToDir
0    1c205 ColorBytes3
0    1c274 ColorBytes4
0    1c306 NormalizeColor
0    1c370 PlaneFromPoints
0    1c408 RotatePointAroundVector
0    1c519 RotateAroundDirection
0    1c555 vectoangles
0    1c603 AnglesToAxis
0    1c638 AxisClear
0    1c673 AxisCopy
0    1c695 ProjectPointOnPlane
0    1c74c MakeNormalVectors
0    1c7db VectorRotate
0    1c858 Q_rsqrt
0    1c893 Q_fabs
0    1c8a3 LerpAngle
0    1c8d8 AngleSubtract
0    1c8fd AnglesSubtract
0    1c94b AngleMod
0    1c961 AngleNormalize360
0    1c96f AngleNormalize180
0    1c98e AngleDelta
0    1c99e SetPlaneSignbits
0    1c9cf BoxOnPlaneSide
0    1ccac RadiusFromBounds
0    1cd07 ClearBounds
0    1cd3e AddPointToBounds
0    1cdbb VectorNormalize
0    1ce25 VectorNormalize2
0    1cea1 _VectorMA
0    1cee7 _DotProduct
0    1cf12 _VectorSubtract
0    1cf4b _VectorAdd
0    1cf84 _VectorCopy
0    1cfa9 _VectorScale
0    1cfdb Vector4Scale
0    1d01a Q_log2
0    1d03d MatrixMultiply
0    1d1a6 AngleVectors
0    1d298 PerpendicularVector
0    1d2fa Com_Clamp
0    1d318 COM_SkipPath
0    1d340 COM_StripExtension
0    1d38b COM_DefaultExtension
0    1d3d7 COM_BeginParseSession
0    1d3ec COM_GetCurrentParseLine
0    1d3fb COM_Parse
0    1d40a COM_ParseError
0    1d42a COM_ParseWarning
0    1d44a SkipWhitespace^25
0    1d489 COM_Compress
0    1d5d9 COM_ParseExt
0    1d73a COM_MatchToken
0    1d763 SkipBracedSection
0    1d7a5 SkipRestOfLine
0    1d7df Com_InitSeparators
0    1d7f1 SkipTillSeparators
0    1d834 COM_ParseSep
0    1d9bc Com_Split
0    1daa6 Parse1DMatrix
0    1daf1 Parse2DMatrix
0    1db38 Parse3DMatrix
0    1db89 Q_isprint
0    1db9e Q_islower
0    1dbb3 Q_isupper
0    1dbc8 Q_isalpha
0    1dbe5 Q_strrchr
0    1dc19 Q_strncpyz
0    1dc5c Q_stricmpn
0    1dceb Q_strncmp
0    1dd41 Q_stricmp
0    1ddc2 Q_strlwr
0    1dde8 Q_strupr
0    1de0e Q_strcat
0    1de3a Q_PrintStrlen
0    1de85 Q_CleanStr
0    1dee6 Com_sprintf
0    1df15 va
0    1df44 Q_strkey^25
0    1df83 Info_ValueForKey
0    1e073 Info_NextPair
0    1e10b Info_RemoveKey^25
0    1e1b1 Info_Validate
0    1e1e2 Info_ValidateKeyValue
0    1e21b Info_SetValueForKey
0    1e2c4 Info_SetValueForKey_Big
0    1e36d swapfunc^26
0    1e3f4 med3^26
0    1e487 qsort
0    1e83a strlen
0    1e855 strcat
0    1e88f strcpy
0    1e8bb strcmp
0    1e8f7 strchr
0    1e927 strstr
0    1e975 tolower
0    1e98d toupper
0    1e9a5 memmove
0    1e9f8 tan
0    1ea0f srand
0    1ea16 rand
0    1ea2c atof
0    1eaed _atof
0    1ebb4 atoi
0    1ec2c abs
0    1ec45 fabs
0   a78cc4 _stackStart
0   a88cc4 _stackEnd
1        4 forceModelModificationCount^0
1        8 enemyModelModificationCount^0
1        c enemyColorsModificationCount^0
1       10 teamModelModificationCount^0
1       14 teamColorsModificationCount^0
1       18 breadcrumbModificationCount^0
1       1c lazyloadModificationCount^0
1       20 customheightModificationCount^0
1       24 customwidthModificationCount^0
1       28 intShaderTime
1       2c linearLight
1       58 cg_weaponsCount
1       5c atmosphereModificationCount
1       60 cvarTable^0
1      850 bg_itemlist
1     1c04 bg_numItems
1     1c64 eventnames
1     1ea8 pm_stopspeed
1     1eac pm_duckScale
1     1eb0 pm_swimScale
1     1eb4 pm_wadeScale
1     1eb8 pm_ladderScale
1     1ebc pm_ladderfriction
1     1ec0 pm_ladderAccelerate
1     1ec4 pm_accelerate
1     1ec8 pm_airaccelerate
1     1ecc pm_wateraccelerate
1     1ed0 pm_flyaccelerate
1     1ed4 pm_friction
1     1ed8 pm_waterfriction
1     1edc pm_flightfriction
1     1ee0 pm_spectatorfriction
1     1ee4 c_pmove
1     1ee8 pm_respawntimer^2
1     1f4c commands^6
1     2014 drawTeamOverlayModificationCount
1     20e4 propMap^8
1     26e4 propMapB^8
1     2af8 shaderAnimNames^14
1     2b78 shaderAnimCounts^14
1     2bf8 shaderAnimSTRatio^14
1     2c78 cl_numparticles
1     2c7c initparticles
1     2c80 roll^14
1     2c84 cg_customSoundNames^15
1     2d50 player_stop
1     2d54 black_bars
1     2df8 vec3_origin
1     2e04 axisDefault
1     2e28 colorBlack
1     2e38 colorRed
1     2e48 colorGreen
1     2e58 colorBlue
1     2e68 colorYellow
1     2e78 colorMagenta
1     2e88 colorCyan
1     2e98 colorWhite
1     2ea8 colorLtGrey
1     2eb8 colorMdGrey
1     2ec8 colorDkGrey
1     2ed8 g_color_table
1     2f58 bytedirs
1     3718 randSeed^26
2     5c69 locase
3      800 cg_customWidth
3      910 cg_customHeight
3      a20 cg_lazyLoad
3      b30 cg_breadCrumb
3      c40 cg_developer
3      d50 cgwp_grapplePull
3      e60 cgwp_grappleEnable
3      f70 cgwp_grappleCycle
3     1080 cgwp_bfgCycle
3     1190 cgwp_railCycle
3     12a0 cgwp_plasmaCycle
3     13b0 cgwp_rocketCycle
3     14c0 cgwp_grenadeCycle
3     15d0 cgwp_machineCycle
3     16e0 cgwp_shotgunCycle
3     17f0 cgwp_lightCycle
3     1900 cgwp_gauntCycle
3     1a10 cg_hudFiles
3     1b20 trap_GetValue
3     1b24 trap_R_AddLinearLightToScene
3     1b28 trap_R_AddRefEntityToScene2
3     1b2c cg_atmosphericEffects
3     1c3c cg_atmosphere
3     1d4c cg_gunCenter
3     1e5c cg_weaponOrder
3     1f6c cg_altGrapple
3     207c cg_altPortal
3     218c cgwp_portalEnable
3     229c cg_wallWalk
3     23ac cg_gravity
3     24bc cg_jumpVelocity
3     25cc cg_hasteFactor
3     26dc cg_followKiller
3     27ec cg_fovAdjust
3     28fc cg_deadBodyDarken
3     2a0c cg_teamColors
3     2b1c cg_teamModel
3     2c2c cg_enemyColors
3     2d3c cg_enemyModel
3     2e4c cg_hitSounds
3     2f5c cg_trueLightning
3     306c cg_oldPlasma
3     317c cg_oldRocket
3     328c cg_oldRail
3     339c cg_noProjectileTrail
3     34ac cg_noTaunt
3     35bc cg_bigFont
3     36cc cg_smallFont
3     37dc cg_cameraMode
3     38ec cg_timescale
3     39fc cg_timescaleFadeSpeed
3     3b0c cg_timescaleFadeEnd
3     3c1c cg_cameraOrbitDelay
3     3d2c cg_cameraOrbit
3     3e3c cg_smoothClients
3     3f4c cg_itemTimer
3     405c cg_damagePlum
3     416c cg_scorePlum
3     427c cg_teamChatsOnly
3     438c cg_drawFriend
3     449c cg_deferPlayers
3     45ac cg_predictItems
3     46bc cg_blood
3     47cc cg_paused
3     48dc cg_buildScript
3     49ec cg_forceModel
3     4afc cg_stats
3     4c0c cg_teamChatHeight
3     4d1c cg_teamChatTime
3     4e2c cg_drawSpeed
3     4f3c cg_drawAttacker
3     504c cg_lagometer
3     515c cg_thirdPerson
3     526c cg_thirdPersonAngle
3     537c cg_thirdPersonRange
3     548c cg_zoomFov
3     559c cg_fov
3     56ac cg_simpleItems
3     57bc cg_ignore
3     58cc cg_autoswitch
3     59dc cg_tracerLength
3     5aec cg_tracerWidth
3     5bfc cg_tracerChance
3     5d0c cg_viewsize
3     5e1c cg_drawGun
3     5f2c cg_gun_z
3     603c cg_gun_y
3     614c cg_gun_x
3     625c cg_gun_frame
3     636c cg_brassTime
3     647c cg_addMarks
3     658c cg_footsteps
3     669c cg_showmiss
3     67ac cg_noPlayerAnims
3     68bc cg_nopredict
3     69cc cg_errorDecay
3     6adc cg_railTrailRadius
3     6bec cg_railTrailTime
3     6cfc cg_debugEvents
3     6e0c cg_debugPosition
3     6f1c cg_debugAnim
3     702c cg_animSpeed
3     713c cg_draw2D
3     724c cg_drawStatus
3     735c cg_crosshairHealth
3     746c cg_crosshairSize
3     757c cg_crosshairY
3     768c cg_crosshairX
3     779c cg_drawWeaponSelect
3     78ac cg_teamOverlayUserinfo
3     79bc cg_drawTeamOverlay
3     7acc cg_drawRewards
3     7bdc cg_drawCrosshairNames
3     7cec cg_drawCrosshair
3     7dfc cg_drawAmmoWarning
3     7f0c cg_drawIcons
3     801c cg_draw3dIcons
3     812c cg_drawSnapshot
3     823c cg_drawFPS
3     834c cg_drawTimer
3     845c cg_gibs
3     856c cg_shadows
3     867c cg_swingSpeed
3     878c cg_bobroll
3     889c cg_bobpitch
3     89ac cg_bobup
3     8abc cg_runroll
3     8bcc cg_runpitch
3     8cdc cg_centertime
3     8dec cg_items
3     b5ec cg_weapons
3     caec cg_entities
3   1c7aec cg
3   1ec590 cgs
3   218ee4 destinationsAngles
3   218ee8 destinations
3   218eec portalsAngles
3   218ef0 portals
3   218ef4 items
3   218ef8 pml
3   218f88 pm
3   218f8c one_over_mapgrid_factor^4
3   218f94 tracemap^4
3   2d8fb0 cg_atmFx^5
3   31b6d4 kludgeResult^5
3   31b6d8 kludgeChecked^5
3   31b6f8 lagometer
3   31bd00 teamChat2
3   31be00 teamChat1
3   31bf00 systemChat
3   31c000 numSortedTeamPlayers
3   31c004 sortedTeamPlayers
3   31c0fc loadingItemIcons^12
3   31c164 loadingPlayerIcons^12
3   31c1a4 loadingItemIconCount^12
3   31c1a8 loadingPlayerIconCount^12
3   31c1ac cg_freeLocalEntities
3   31c1b0 cg_activeLocalEntities
3   31c2d4 cg_localEntities
3   3ae2d4 oldtime
3   3ae2d8 rup
3   3ae2e4 rright
3   3ae2f0 rforward
3   3ae2fc pvup
3   3ae308 pvright
3   3ae314 pvforward
3   3ae320 particles
3   3cd320 free_particles
3   3cd324 active_particles
3   3cd328 numShaderAnims^14
3   3cd32c shaderAnims^14
3   3cf32c markTotal^14
3   3cf330 cg_freeMarkPolys
3   3cf334 cg_activeMarkPolys
3   3cf454 cg_markPolys
3   3e145c cg_polyBuffersInuse
3   3e165c cg_polyBuffers
3   a61c5c eventParm2
3   a61c9c eventParms
3   a61cdc events
3   a61d1c eventStack
3   a61d20 cg_triggerEntities^18
3   a62120 cg_numTriggerEntities^18
3   a62124 cg_solidEntities^18
3   a62524 cg_numSolidEntities^18
3   a62528 cg_pmove^18
3   a62608 localClient^19
3   a6260c frustum^22
3   a6264c weaponRawOrder
3   a62678 weaponOrder
3   a780bc is_separator^25
3   a784bc com_tokenline^25
3   a784c0 com_lines^25
3   a784c4 com_parsename^25
3   a788c4 com_token^25
